Archive member included to satisfy reference by file (symbol)

C:/ST/STM32CubeIDE_2.0.0/STM32CubeIDE/plugins/com.st.stm32cube.ide.mcu.externaltools.gnu-tools-for-stm32.14.3.rel1.win32_1.0.100.202602081740/tools/bin/../lib/gcc/arm-none-eabi/14.3.1/../../../../arm-none-eabi/lib/thumb/v7-m/nofp\libc_nano.a(libc_a-exit.o)
                              C:/ST/STM32CubeIDE_2.0.0/STM32CubeIDE/plugins/com.st.stm32cube.ide.mcu.externaltools.gnu-tools-for-stm32.14.3.rel1.win32_1.0.100.202602081740/tools/bin/../lib/gcc/arm-none-eabi/14.3.1/../../../../arm-none-eabi/lib/thumb/v7-m/nofp/crt0.o (exit)
C:/ST/STM32CubeIDE_2.0.0/STM32CubeIDE/plugins/com.st.stm32cube.ide.mcu.externaltools.gnu-tools-for-stm32.14.3.rel1.win32_1.0.100.202602081740/tools/bin/../lib/gcc/arm-none-eabi/14.3.1/../../../../arm-none-eabi/lib/thumb/v7-m/nofp\libc_nano.a(libc_a-findfp.o)
                              C:/ST/STM32CubeIDE_2.0.0/STM32CubeIDE/plugins/com.st.stm32cube.ide.mcu.externaltools.gnu-tools-for-stm32.14.3.rel1.win32_1.0.100.202602081740/tools/bin/../lib/gcc/arm-none-eabi/14.3.1/../../../../arm-none-eabi/lib/thumb/v7-m/nofp\libc_nano.a(libc_a-exit.o) (__stdio_exit_handler)
C:/ST/STM32CubeIDE_2.0.0/STM32CubeIDE/plugins/com.st.stm32cube.ide.mcu.externaltools.gnu-tools-for-stm32.14.3.rel1.win32_1.0.100.202602081740/tools/bin/../lib/gcc/arm-none-eabi/14.3.1/../../../../arm-none-eabi/lib/thumb/v7-m/nofp\libc_nano.a(libc_a-fwalk.o)
                              C:/ST/STM32CubeIDE_2.0.0/STM32CubeIDE/plugins/com.st.stm32cube.ide.mcu.externaltools.gnu-tools-for-stm32.14.3.rel1.win32_1.0.100.202602081740/tools/bin/../lib/gcc/arm-none-eabi/14.3.1/../../../../arm-none-eabi/lib/thumb/v7-m/nofp\libc_nano.a(libc_a-findfp.o) (_fwalk_sglue)
C:/ST/STM32CubeIDE_2.0.0/STM32CubeIDE/plugins/com.st.stm32cube.ide.mcu.externaltools.gnu-tools-for-stm32.14.3.rel1.win32_1.0.100.202602081740/tools/bin/../lib/gcc/arm-none-eabi/14.3.1/../../../../arm-none-eabi/lib/thumb/v7-m/nofp\libc_nano.a(libc_a-stdio.o)
                              C:/ST/STM32CubeIDE_2.0.0/STM32CubeIDE/plugins/com.st.stm32cube.ide.mcu.externaltools.gnu-tools-for-stm32.14.3.rel1.win32_1.0.100.202602081740/tools/bin/../lib/gcc/arm-none-eabi/14.3.1/../../../../arm-none-eabi/lib/thumb/v7-m/nofp\libc_nano.a(libc_a-findfp.o) (__sread)
C:/ST/STM32CubeIDE_2.0.0/STM32CubeIDE/plugins/com.st.stm32cube.ide.mcu.externaltools.gnu-tools-for-stm32.14.3.rel1.win32_1.0.100.202602081740/tools/bin/../lib/gcc/arm-none-eabi/14.3.1/../../../../arm-none-eabi/lib/thumb/v7-m/nofp\libc_nano.a(libc_a-memcmp.o)
                              ./Core/Src/ask.o (memcmp)
C:/ST/STM32CubeIDE_2.0.0/STM32CubeIDE/plugins/com.st.stm32cube.ide.mcu.externaltools.gnu-tools-for-stm32.14.3.rel1.win32_1.0.100.202602081740/tools/bin/../lib/gcc/arm-none-eabi/14.3.1/../../../../arm-none-eabi/lib/thumb/v7-m/nofp\libc_nano.a(libc_a-memset.o)
                              C:/ST/STM32CubeIDE_2.0.0/STM32CubeIDE/plugins/com.st.stm32cube.ide.mcu.externaltools.gnu-tools-for-stm32.14.3.rel1.win32_1.0.100.202602081740/tools/bin/../lib/gcc/arm-none-eabi/14.3.1/../../../../arm-none-eabi/lib/thumb/v7-m/nofp/crt0.o (memset)
C:/ST/STM32CubeIDE_2.0.0/STM32CubeIDE/plugins/com.st.stm32cube.ide.mcu.externaltools.gnu-tools-for-stm32.14.3.rel1.win32_1.0.100.202602081740/tools/bin/../lib/gcc/arm-none-eabi/14.3.1/../../../../arm-none-eabi/lib/thumb/v7-m/nofp\libc_nano.a(libc_a-closer.o)
                              C:/ST/STM32CubeIDE_2.0.0/STM32CubeIDE/plugins/com.st.stm32cube.ide.mcu.externaltools.gnu-tools-for-stm32.14.3.rel1.win32_1.0.100.202602081740/tools/bin/../lib/gcc/arm-none-eabi/14.3.1/../../../../arm-none-eabi/lib/thumb/v7-m/nofp\libc_nano.a(libc_a-stdio.o) (_close_r)
C:/ST/STM32CubeIDE_2.0.0/STM32CubeIDE/plugins/com.st.stm32cube.ide.mcu.externaltools.gnu-tools-for-stm32.14.3.rel1.win32_1.0.100.202602081740/tools/bin/../lib/gcc/arm-none-eabi/14.3.1/../../../../arm-none-eabi/lib/thumb/v7-m/nofp\libc_nano.a(libc_a-reent.o)
                              C:/ST/STM32CubeIDE_2.0.0/STM32CubeIDE/plugins/com.st.stm32cube.ide.mcu.externaltools.gnu-tools-for-stm32.14.3.rel1.win32_1.0.100.202602081740/tools/bin/../lib/gcc/arm-none-eabi/14.3.1/../../../../arm-none-eabi/lib/thumb/v7-m/nofp\libc_nano.a(libc_a-closer.o) (errno)
C:/ST/STM32CubeIDE_2.0.0/STM32CubeIDE/plugins/com.st.stm32cube.ide.mcu.externaltools.gnu-tools-for-stm32.14.3.rel1.win32_1.0.100.202602081740/tools/bin/../lib/gcc/arm-none-eabi/14.3.1/../../../../arm-none-eabi/lib/thumb/v7-m/nofp\libc_nano.a(libc_a-impure.o)
                              C:/ST/STM32CubeIDE_2.0.0/STM32CubeIDE/plugins/com.st.stm32cube.ide.mcu.externaltools.gnu-tools-for-stm32.14.3.rel1.win32_1.0.100.202602081740/tools/bin/../lib/gcc/arm-none-eabi/14.3.1/../../../../arm-none-eabi/lib/thumb/v7-m/nofp\libc_nano.a(libc_a-reent.o) (_impure_ptr)
[...]
Memory Configuration

Name             Origin             Length             Attributes
RAM              0x20000000         0x00002800         xrw
FLASH            0x08000000         0x00008000         xr
*default*        0x00000000         0xffffffff

Linker script and memory map

LOAD C:/ST/STM32CubeIDE_2.0.0/STM32CubeIDE/plugins/com.st.stm32cube.ide.mcu.externaltools.gnu-tools-for-stm32.14.3.rel1.win32_1.0.100.202602081740/tools/bin/../lib/gcc/arm-none-eabi/14.3.1/thumb/v7-m/nofp/crti.o
LOAD C:/ST/STM32CubeIDE_2.0.0/STM32CubeIDE/plugins/com.st.stm32cube.ide.mcu.externaltools.gnu-tools-for-stm32.14.3.rel1.win32_1.0.100.202602081740/tools/bin/../lib/gcc/arm-none-eabi/14.3.1/thumb/v7-m/nofp/crtbegin.o
LOAD C:/ST/STM32CubeIDE_2.0.0/STM32CubeIDE/plugins/com.st.stm32cube.ide.mcu.externaltools.gnu-tools-for-stm32.14.3.rel1.win32_1.0.100.202602081740/tools/bin/../lib/gcc/arm-none-eabi/14.3.1/../../../../arm-none-eabi/lib/thumb/v7-m/nofp/crt0.o
LOAD ./Core/Src/ask.o
LOAD ./Core/Src/ask_hal.o
LOAD ./Core/Src/btm9011.o
LOAD ./Core/Src/main.o
LOAD ./Core/Src/rf433.o
LOAD ./Core/Src/stm32f1xx_hal_msp.o
LOAD ./Core/Src/stm32f1xx_it.o
LOAD ./Core/Src/syscalls.o
LOAD ./Core/Src/sysmem.o
LOAD ./Core/Src/system_stm32f1xx.o
LOAD ./Core/Startup/startup_stm32f103c6tx.o
LOAD ./Drivers/STM32F1xx_HAL_Driver/Src/stm32f1xx_hal.o
LOAD ./Drivers/STM32F1xx_HAL_Driver/Src/stm32f1xx_hal_adc.o
LOAD ./Drivers/STM32F1xx_HAL_Driver/Src/stm32f1xx_hal_adc_ex.o
LOAD ./Drivers/STM32F1xx_HAL_Driver/Src/stm32f1xx_hal_cortex.o
LOAD ./Drivers/STM32F1xx_HAL_Driver/Src/stm32f1xx_hal_dma.o
LOAD ./Drivers/STM32F1xx_HAL_Driver/Src/stm32f1xx_hal_exti.o
LOAD ./Drivers/STM32F1xx_HAL_Driver/Src/stm32f1xx_hal_flash.o
LOAD ./Drivers/STM32F1xx_HAL_Driver/Src/stm32f1xx_hal_flash_ex.o
LOAD ./Drivers/STM32F1xx_HAL_Driver/Src/stm32f1xx_hal_gpio.o
LOAD ./Drivers/STM32F1xx_HAL_Driver/Src/stm32f1xx_hal_gpio_ex.o
LOAD ./Drivers/STM32F1xx_HAL_Driver/Src/stm32f1xx_hal_i2c.o
LOAD ./Drivers/STM32F1xx_HAL_Driver/Src/stm32f1xx_hal_pwr.o
LOAD ./Drivers/STM32F1xx_HAL_Driver/Src/stm32f1xx_hal_rcc.o
LOAD ./Drivers/STM32F1xx_HAL_Driver/Src/stm32f1xx_hal_rcc_ex.o
LOAD ./Drivers/STM32F1xx_HAL_Driver/Src/stm32f1xx_hal_tim.o
LOAD ./Drivers/STM32F1xx_HAL_Driver/Src/stm32f1xx_hal_tim_ex.o
START GROUP
LOAD C:/ST/STM32CubeIDE_2.0.0/STM32CubeIDE/plugins/com.st.stm32cube.ide.mcu.externaltools.gnu-tools-for-stm32.14.3.rel1.win32_1.0.100.202602081740/tools/bin/../lib/gcc/arm-none-eabi/14.3.1/../../../../arm-none-eabi/lib/thumb/v7-m/nofp\libc_nano.a
LOAD C:/ST/STM32CubeIDE_2.0.0/STM32CubeIDE/plugins/com.st.stm32cube.ide.mcu.externaltools.gnu-tools-for-stm32.14.3.rel1.win32_1.0.100.202602081740/tools/bin/../lib/gcc/arm-none-eabi/14.3.1/../../../../arm-none-eabi/lib/thumb/v7-m/nofp\libm.a
END GROUP
START GROUP
LOAD C:/ST/STM32CubeIDE_2.0.0/STM32CubeIDE/plugins/com.st.stm32cube.ide.mcu.externaltools.gnu-tools-for-stm32.14.3.rel1.win32_1.0.100.202602081740/tools/bin/../lib/gcc/arm-none-eabi/14.3.1/thumb/v7-m/nofp\libgcc.a
LOAD C:/ST/STM32CubeIDE_2.0.0/STM32CubeIDE/plugins/com.st.stm32cube.ide.mcu.externaltools.gnu-tools-for-stm32.14.3.rel1.win32_1.0.100.202602081740/tools/bin/../lib/gcc/arm-none-eabi/14.3.1/../../../../arm-none-eabi/lib/thumb/v7-m/nofp\libc_nano.a
END GROUP
START GROUP
LOAD C:/ST/STM32CubeIDE_2.0.0/STM32CubeIDE/plugins/com.st.stm32cube.ide.mcu.externaltools.gnu-tools-for-stm32.14.3.rel1.win32_1.0.100.202602081740/tools/bin/../lib/gcc/arm-none-eabi/14.3.1/thumb/v7-m/nofp\libgcc.a
LOAD C:/ST/STM32CubeIDE_2.0.0/STM32CubeIDE/plugins/com.st.stm32cube.ide.mcu.externaltools.gnu-tools-for-stm32.14.3.rel1.win32_1.0.100.202602081740/tools/bin/../lib/gcc/arm-none-eabi/14.3.1/../../../../arm-none-eabi/lib/thumb/v7-m/nofp\libc_nano.a
LOAD C:/ST/STM32CubeIDE_2.0.0/STM32CubeIDE/plugins/com.st.stm32cube.ide.mcu.externaltools.gnu-tools-for-stm32.14.3.rel1.win32_1.0.100.202602081740/tools/bin/../lib/gcc/arm-none-eabi/14.3.1/../../../../arm-none-eabi/lib/thumb/v7-m/nofp\libnosys.a
END GROUP
START GROUP
LOAD C:/ST/STM32CubeIDE_2.0.0/STM32CubeIDE/plugins/com.st.stm32cube.ide.mcu.externaltools.gnu-tools-for-stm32.14.3.rel1.win32_1.0.100.202602081740/tools/bin/../lib/gcc/arm-none-eabi/14.3.1/thumb/v7-m/nofp\libgcc.a
LOAD C:/ST/STM32CubeIDE_2.0.0/STM32CubeIDE/plugins/com.st.stm32cube.ide.mcu.externaltools.gnu-tools-for-stm32.14.3.rel1.win32_1.0.100.202602081740/tools/bin/../lib/gcc/arm-none-eabi/14.3.1/../../../../arm-none-eabi/lib/thumb/v7-m/nofp\libc_nano.a
LOAD C:/ST/STM32CubeIDE_2.0.0/STM32CubeIDE/plugins/com.st.stm32cube.ide.mcu.externaltools.gnu-tools-for-stm32.14.3.rel1.win32_1.0.100.202602081740/tools/bin/../lib/gcc/arm-none-eabi/14.3.1/../../../../arm-none-eabi/lib/thumb/v7-m/nofp\libnosys.a
END GROUP
LOAD C:/ST/STM32CubeIDE_2.0.0/STM32CubeIDE/plugins/com.st.stm32cube.ide.mcu.externaltools.gnu-tools-for-stm32.14.3.rel1.win32_1.0.100.202602081740/tools/bin/../lib/gcc/arm-none-eabi/14.3.1/thumb/v7-m/nofp/crtend.o
LOAD C:/ST/STM32CubeIDE_2.0.0/STM32CubeIDE/plugins/com.st.stm32cube.ide.mcu.externaltools.gnu-tools-for-stm32.14.3.rel1.win32_1.0.100.202602081740/tools/bin/../lib/gcc/arm-none-eabi/14.3.1/thumb/v7-m/nofp/crtn.o
                0x20002800                        _estack = (ORIGIN (RAM) + LENGTH (RAM))
                0x00000200                        _Min_Heap_Size = 0x200
                0x00000400                        _Min_Stack_Size = 0x400

.isr_vector     0x08000000      0x10c
                0x08000000                        . = ALIGN (0x4)
 *(.isr_vector)
 .isr_vector    0x08000000      0x10c ./Core/Startup/startup_stm32f103c6tx.o
                0x08000000                g_pfnVectors
                0x0800010c                        . = ALIGN (0x4)

.text           0x0800010c     0x2f10
                0x0800010c                        . = ALIGN (0x4)
 *(.text)
 .text          0x0800010c       0x40 C:/ST/STM32CubeIDE_2.0.0/STM32CubeIDE/plugins/com.st.stm32cube.ide.mcu.externaltools.gnu-tools-for-stm32.14.3.rel1.win32_1.0.100.202602081740/tools/bin/../lib/gcc/arm-none-eabi/14.3.1/thumb/v7-m/nofp/crtbegin.o
 *(.text*)
 .text.ask_init
                0x0800014c       0x96 ./Core/Src/ask.o
                0x0800014c                ask_init
 *fill*         0x080001e2        0x2 
 .text.ask_send_bytes
                0x080001e4      0x1ec ./Core/Src/ask.o
                0x080001e4                ask_send_bytes
 .text.micros_impl
                0x080003d0       0x58 ./Core/Src/ask_hal.o
 .text.ask_write_pin_433
                0x08000428       0x24 ./Core/Src/ask_hal.o
                0x08000428                ask_write_pin_433
 .text.ask_micros_433
                0x0800044c        0xe ./Core/Src/ask_hal.o
                0x0800044c                ask_micros_433
 .text.ask_init_tx433
                0x0800045a        0xc ./Core/Src/ask_hal.o
                0x0800045a                ask_init_tx433
 .text.ask_delay_ms_433
                0x08000466       0x16 ./Core/Src/ask_hal.o
                0x08000466                ask_delay_ms_433
 .text.ask_delay_us_433
                0x0800047c       0x2a ./Core/Src/ask_hal.o
                0x0800047c                ask_delay_us_433
 *fill*         0x080004a6        0x2 
 .text.main     0x080004a8      0x16c ./Core/Src/main.o
                0x080004a8                main
 .text.SystemClock_Config
                0x08000614       0xb4 ./Core/Src/main.o
                0x08000614                SystemClock_Config
 .text.MX_ADC1_Init
                0x080006c8       0x7c ./Core/Src/main.o
 .text.MX_I2C1_Init
                0x08000744       0x5c ./Core/Src/main.o
 .text.MX_TIM2_Init
                0x080007a0       0x98 ./Core/Src/main.o
 .text.MX_GPIO_Init
                0x08000838       0xf4 ./Core/Src/main.o
 .text.ADC_ReadChannel
                0x0800092c       0x58 ./Core/Src/main.o
 .text.Error_Handler
                0x08000984        0xc ./Core/Src/main.o
                0x08000984                Error_Handler
 .text.HAL_MspInit
                0x08000990       0x64 ./Core/Src/stm32f1xx_hal_msp.o
                0x08000990                HAL_MspInit
 .text.HAL_ADC_MspInit
                0x080009f4       0x78 ./Core/Src/stm32f1xx_hal_msp.o
                0x080009f4                HAL_ADC_MspInit
 .text.HAL_I2C_MspInit
                0x08000a6c       0x80 ./Core/Src/stm32f1xx_hal_msp.o
                0x08000a6c                HAL_I2C_MspInit
 .text.HAL_TIM_Base_MspInit
                0x08000aec       0x48 ./Core/Src/stm32f1xx_hal_msp.o
                0x08000aec                HAL_TIM_Base_MspInit
 .text.NMI_Handler
                0x08000b34        0x8 ./Core/Src/stm32f1xx_it.o
                0x08000b34                NMI_Handler
 .text.HardFault_Handler
                0x08000b3c        0x8 ./Core/Src/stm32f1xx_it.o
                0x08000b3c                HardFault_Handler
 .text.MemManage_Handler
                0x08000b44        0x8 ./Core/Src/stm32f1xx_it.o
                0x08000b44                MemManage_Handler
 .text.BusFault_Handler
                0x08000b4c        0x8 ./Core/Src/stm32f1xx_it.o
                0x08000b4c                BusFault_Handler
 .text.UsageFault_Handler
                0x08000b54        0x8 ./Core/Src/stm32f1xx_it.o
                0x08000b54                UsageFault_Handler
 .text.SVC_Handler
                0x08000b5c        0xc ./Core/Src/stm32f1xx_it.o
                0x08000b5c                SVC_Handler
 .text.DebugMon_Handler
                0x08000b68        0xc ./Core/Src/stm32f1xx_it.o
                0x08000b68                DebugMon_Handler
 .text.PendSV_Handler
                0x08000b74        0xc ./Core/Src/stm32f1xx_it.o
                0x08000b74                PendSV_Handler
 .text.SysTick_Handler
                0x08000b80        0xc ./Core/Src/stm32f1xx_it.o
                0x08000b80                SysTick_Handler
 .text.TIM2_IRQHandler
                0x08000b8c       0x14 ./Core/Src/stm32f1xx_it.o
                0x08000b8c                TIM2_IRQHandler
 .text.SystemInit
                0x08000ba0        0xc ./Core/Src/system_stm32f1xx.o
                0x08000ba0                SystemInit
 .text.Reset_Handler
                0x08000bac       0x48 ./Core/Startup/startup_stm32f103c6tx.o
                0x08000bac                Reset_Handler
 .text.Default_Handler
                0x08000bf4        0x2 ./Core/Startup/startup_stm32f103c6tx.o
                0x08000bf4                RTC_Alarm_IRQHandler
                0x08000bf4                EXTI2_IRQHandler
                0x08000bf4                TIM1_CC_IRQHandler
                0x08000bf4                PVD_IRQHandler
                0x08000bf4                EXTI3_IRQHandler
                0x08000bf4                EXTI0_IRQHandler
                0x08000bf4                ADC1_2_IRQHandler
                0x08000bf4                SPI1_IRQHandler
                0x08000bf4                TAMPER_IRQHandler
                0x08000bf4                DMA1_Channel4_IRQHandler
                0x08000bf4                RTC_IRQHandler
                0x08000bf4                DMA1_Channel7_IRQHandler
                0x08000bf4                CAN1_RX1_IRQHandler
                0x08000bf4                I2C1_EV_IRQHandler
                0x08000bf4                DMA1_Channel6_IRQHandler
                0x08000bf4                TIM3_IRQHandler
                0x08000bf4                RCC_IRQHandler
                0x08000bf4                TIM1_TRG_COM_IRQHandler
                0x08000bf4                DMA1_Channel1_IRQHandler
                0x08000bf4                Default_Handler
                0x08000bf4                EXTI15_10_IRQHandler
                0x08000bf4                EXTI9_5_IRQHandler
                0x08000bf4                DMA1_Channel5_IRQHandler
                0x08000bf4                EXTI4_IRQHandler
                0x08000bf4                USB_LP_CAN1_RX0_IRQHandler
                0x08000bf4                USB_HP_CAN1_TX_IRQHandler
                0x08000bf4                DMA1_Channel3_IRQHandler
                0x08000bf4                TIM1_UP_IRQHandler
                0x08000bf4                WWDG_IRQHandler
                0x08000bf4                TIM1_BRK_IRQHandler
                0x08000bf4                EXTI1_IRQHandler
                0x08000bf4                USART2_IRQHandler
                0x08000bf4                DMA1_Channel2_IRQHandler
                0x08000bf4                CAN1_SCE_IRQHandler
                0x08000bf4                FLASH_IRQHandler
                0x08000bf4                USART1_IRQHandler
                0x08000bf4                I2C1_ER_IRQHandler
                0x08000bf4                USBWakeUp_IRQHandler
 *fill*         0x08000bf6        0x2 
 .text.HAL_Init
                0x08000bf8       0x2c ./Drivers/STM32F1xx_HAL_Driver/Src/stm32f1xx_hal.o
                0x08000bf8                HAL_Init
 .text.HAL_InitTick
                0x08000c24       0x60 ./Drivers/STM32F1xx_HAL_Driver/Src/stm32f1xx_hal.o
                0x08000c24                HAL_InitTick
 .text.HAL_IncTick
                0x08000c84       0x24 ./Drivers/STM32F1xx_HAL_Driver/Src/stm32f1xx_hal.o
                0x08000c84                HAL_IncTick
 .text.HAL_GetTick
                0x08000ca8       0x14 ./Drivers/STM32F1xx_HAL_Driver/Src/stm32f1xx_hal.o
                0x08000ca8                HAL_GetTick
 .text.HAL_Delay
                0x08000cbc       0x48 ./Drivers/STM32F1xx_HAL_Driver/Src/stm32f1xx_hal.o
                0x08000cbc                HAL_Delay
 .text.HAL_ADC_Init
                0x08000d04      0x1b0 ./Drivers/STM32F1xx_HAL_Driver/Src/stm32f1xx_hal_adc.o
                0x08000d04                HAL_ADC_Init
 .text.HAL_ADC_Start
                0x08000eb4      0x15c ./Drivers/STM32F1xx_HAL_Driver/Src/stm32f1xx_hal_adc.o
                0x08000eb4                HAL_ADC_Start
 .text.HAL_ADC_Stop
                0x08001010       0x58 ./Drivers/STM32F1xx_HAL_Driver/Src/stm32f1xx_hal_adc.o
                0x08001010                HAL_ADC_Stop
 .text.HAL_ADC_PollForConversion
                0x08001068      0x20c ./Drivers/STM32F1xx_HAL_Driver/Src/stm32f1xx_hal_adc.o
                0x08001068                HAL_ADC_PollForConversion
 .text.HAL_ADC_GetValue
                0x08001274       0x18 ./Drivers/STM32F1xx_HAL_Driver/Src/stm32f1xx_hal_adc.o
                0x08001274                HAL_ADC_GetValue
 .text.HAL_ADC_ConfigChannel
                0x0800128c      0x1f0 ./Drivers/STM32F1xx_HAL_Driver/Src/stm32f1xx_hal_adc.o
                0x0800128c                HAL_ADC_ConfigChannel
 .text.ADC_Enable
                0x0800147c       0xb4 ./Drivers/STM32F1xx_HAL_Driver/Src/stm32f1xx_hal_adc.o
                0x0800147c                ADC_Enable
 .text.ADC_ConversionStop_Disable
                0x08001530       0x82 ./Drivers/STM32F1xx_HAL_Driver/Src/stm32f1xx_hal_adc.o
                0x08001530                ADC_ConversionStop_Disable
 *fill*         0x080015b2        0x2 
 .text.__NVIC_SetPriorityGrouping
                0x080015b4       0x48 ./Drivers/STM32F1xx_HAL_Driver/Src/stm32f1xx_hal_cortex.o
 .text.__NVIC_GetPriorityGrouping
                0x080015fc       0x1c ./Drivers/STM32F1xx_HAL_Driver/Src/stm32f1xx_hal_cortex.o
 .text.__NVIC_EnableIRQ
                0x08001618       0x38 ./Drivers/STM32F1xx_HAL_Driver/Src/stm32f1xx_hal_cortex.o
 .text.__NVIC_SetPriority
                0x08001650       0x54 ./Drivers/STM32F1xx_HAL_Driver/Src/stm32f1xx_hal_cortex.o
 .text.NVIC_EncodePriority
                0x080016a4       0x64 ./Drivers/STM32F1xx_HAL_Driver/Src/stm32f1xx_hal_cortex.o
 .text.SysTick_Config
                0x08001708       0x44 ./Drivers/STM32F1xx_HAL_Driver/Src/stm32f1xx_hal_cortex.o
 .text.HAL_NVIC_SetPriorityGrouping
                0x0800174c       0x16 ./Drivers/STM32F1xx_HAL_Driver/Src/stm32f1xx_hal_cortex.o
                0x0800174c                HAL_NVIC_SetPriorityGrouping
 .text.HAL_NVIC_SetPriority
                0x08001762       0x38 ./Drivers/STM32F1xx_HAL_Driver/Src/stm32f1xx_hal_cortex.o
                0x08001762                HAL_NVIC_SetPriority
 .text.HAL_NVIC_EnableIRQ
                0x0800179a       0x1c ./Drivers/STM32F1xx_HAL_Driver/Src/stm32f1xx_hal_cortex.o
                0x0800179a                HAL_NVIC_EnableIRQ
 .text.HAL_SYSTICK_Config
                0x080017b6       0x18 ./Drivers/STM32F1xx_HAL_Driver/Src/stm32f1xx_hal_cortex.o
                0x080017b6                HAL_SYSTICK_Config
 *fill*         0x080017ce        0x2 
 .text.HAL_GPIO_Init
                0x080017d0      0x2f8 ./Drivers/STM32F1xx_HAL_Driver/Src/stm32f1xx_hal_gpio.o
                0x080017d0                HAL_GPIO_Init
 .text.HAL_GPIO_WritePin
                0x08001ac8       0x30 ./Drivers/STM32F1xx_HAL_Driver/Src/stm32f1xx_hal_gpio.o
                0x08001ac8                HAL_GPIO_WritePin
 .text.HAL_I2C_Init
                0x08001af8      0x288 ./Drivers/STM32F1xx_HAL_Driver/Src/stm32f1xx_hal_i2c.o
                0x08001af8                HAL_I2C_Init
 .text.HAL_RCC_OscConfig
                0x08001d80      0x504 ./Drivers/STM32F1xx_HAL_Driver/Src/stm32f1xx_hal_rcc.o
                0x08001d80                HAL_RCC_OscConfig
 .text.HAL_RCC_ClockConfig
                0x08002284      0x1d4 ./Drivers/STM32F1xx_HAL_Driver/Src/stm32f1xx_hal_rcc.o
                0x08002284                HAL_RCC_ClockConfig
 .text.HAL_RCC_GetSysClockFreq
                0x08002458       0xac ./Drivers/STM32F1xx_HAL_Driver/Src/stm32f1xx_hal_rcc.o
                0x08002458                HAL_RCC_GetSysClockFreq
 .text.HAL_RCC_GetHCLKFreq
                0x08002504       0x14 ./Drivers/STM32F1xx_HAL_Driver/Src/stm32f1xx_hal_rcc.o
                0x08002504                HAL_RCC_GetHCLKFreq
 .text.HAL_RCC_GetPCLK1Freq
                0x08002518       0x28 ./Drivers/STM32F1xx_HAL_Driver/Src/stm32f1xx_hal_rcc.o
                0x08002518                HAL_RCC_GetPCLK1Freq
 .text.HAL_RCC_GetPCLK2Freq
                0x08002540       0x28 ./Drivers/STM32F1xx_HAL_Driver/Src/stm32f1xx_hal_rcc.o
                0x08002540                HAL_RCC_GetPCLK2Freq
 .text.RCC_Delay
                0x08002568       0x3c ./Drivers/STM32F1xx_HAL_Driver/Src/stm32f1xx_hal_rcc.o
 .text.HAL_RCCEx_PeriphCLKConfig
                0x080025a4      0x16c ./Drivers/STM32F1xx_HAL_Driver/Src/stm32f1xx_hal_rcc_ex.o
                0x080025a4                HAL_RCCEx_PeriphCLKConfig
 .text.HAL_RCCEx_GetPeriphCLKFreq
                0x08002710      0x16c ./Drivers/STM32F1xx_HAL_Driver/Src/stm32f1xx_hal_rcc_ex.o
                0x08002710                HAL_RCCEx_GetPeriphCLKFreq
 .text.HAL_TIM_Base_Init
                0x0800287c       0x9e ./Drivers/STM32F1xx_HAL_Driver/Src/stm32f1xx_hal_tim.o
                0x0800287c                HAL_TIM_Base_Init
 .text.HAL_TIM_IRQHandler
                0x0800291a      0x1e0 ./Drivers/STM32F1xx_HAL_Driver/Src/stm32f1xx_hal_tim.o
                0x0800291a                HAL_TIM_IRQHandler
 .text.HAL_TIM_ConfigClockSource
                0x08002afa      0x18e ./Drivers/STM32F1xx_HAL_Driver/Src/stm32f1xx_hal_tim.o
                0x08002afa                HAL_TIM_ConfigClockSource
 .text.HAL_TIM_PeriodElapsedCallback
                0x08002c88       0x12 ./Drivers/STM32F1xx_HAL_Driver/Src/stm32f1xx_hal_tim.o
                0x08002c88                HAL_TIM_PeriodElapsedCallback
 .text.HAL_TIM_OC_DelayElapsedCallback
                0x08002c9a       0x12 ./Drivers/STM32F1xx_HAL_Driver/Src/stm32f1xx_hal_tim.o
                0x08002c9a                HAL_TIM_OC_DelayElapsedCallback
 .text.HAL_TIM_IC_CaptureCallback
                0x08002cac       0x12 ./Drivers/STM32F1xx_HAL_Driver/Src/stm32f1xx_hal_tim.o
                0x08002cac                HAL_TIM_IC_CaptureCallback
 .text.HAL_TIM_PWM_PulseFinishedCallback
                0x08002cbe       0x12 ./Drivers/STM32F1xx_HAL_Driver/Src/stm32f1xx_hal_tim.o
                0x08002cbe                HAL_TIM_PWM_PulseFinishedCallback
 .text.HAL_TIM_TriggerCallback
                0x08002cd0       0x12 ./Drivers/STM32F1xx_HAL_Driver/Src/stm32f1xx_hal_tim.o
                0x08002cd0                HAL_TIM_TriggerCallback
 *fill*         0x08002ce2        0x2 
 .text.TIM_Base_SetConfig
                0x08002ce4       0xc8 ./Drivers/STM32F1xx_HAL_Driver/Src/stm32f1xx_hal_tim.o
                0x08002ce4                TIM_Base_SetConfig
 .text.TIM_TI1_ConfigInputStage
                0x08002dac       0x5c ./Drivers/STM32F1xx_HAL_Driver/Src/stm32f1xx_hal_tim.o
 .text.TIM_TI2_ConfigInputStage
                0x08002e08       0x5e ./Drivers/STM32F1xx_HAL_Driver/Src/stm32f1xx_hal_tim.o
 .text.TIM_ITRx_SetConfig
                0x08002e66       0x34 ./Drivers/STM32F1xx_HAL_Driver/Src/stm32f1xx_hal_tim.o
 .text.TIM_ETR_SetConfig
                0x08002e9a       0x3e ./Drivers/STM32F1xx_HAL_Driver/Src/stm32f1xx_hal_tim.o
                0x08002e9a                TIM_ETR_SetConfig
 .text.HAL_TIMEx_MasterConfigSynchronization
                0x08002ed8       0xb0 ./Drivers/STM32F1xx_HAL_Driver/Src/stm32f1xx_hal_tim_ex.o
                0x08002ed8                HAL_TIMEx_MasterConfigSynchronization
 .text.HAL_TIMEx_CommutCallback
                0x08002f88       0x12 ./Drivers/STM32F1xx_HAL_Driver/Src/stm32f1xx_hal_tim_ex.o
                0x08002f88                HAL_TIMEx_CommutCallback
 .text.HAL_TIMEx_BreakCallback
                0x08002f9a       0x12 ./Drivers/STM32F1xx_HAL_Driver/Src/stm32f1xx_hal_tim_ex.o
                0x08002f9a                HAL_TIMEx_BreakCallback
 .text.memset   0x08002fac       0x10 C:/ST/STM32CubeIDE_2.0.0/STM32CubeIDE/plugins/com.st.stm32cube.ide.mcu.externaltools.gnu-tools-for-stm32.14.3.rel1.win32_1.0.100.202602081740/tools/bin/../lib/gcc/arm-none-eabi/14.3.1/../../../../arm-none-eabi/lib/thumb/v7-m/nofp\libc_nano.a(libc_a-memset.o)
                0x08002fac                memset
 .text.__libc_init_array
                0x08002fbc       0x48 C:/ST/STM32CubeIDE_2.0.0/STM32CubeIDE/plugins/com.st.stm32cube.ide.mcu.externaltools.gnu-tools-for-stm32.14.3.rel1.win32_1.0.100.202602081740/tools/bin/../lib/gcc/arm-none-eabi/14.3.1/../../../../arm-none-eabi/lib/thumb/v7-m/nofp\libc_nano.a(libc_a-init.o)
                0x08002fbc                __libc_init_array
 *(.glue_7)
 .glue_7        0x08003004        0x0 linker stubs
 *(.glue_7t)
 .glue_7t       0x08003004        0x0 linker stubs
 *(.eh_frame)
 .eh_frame      0x08003004        0x0 C:/ST/STM32CubeIDE_2.0.0/STM32CubeIDE/plugins/com.st.stm32cube.ide.mcu.externaltools.gnu-tools-for-stm32.14.3.rel1.win32_1.0.100.202602081740/tools/bin/../lib/gcc/arm-none-eabi/14.3.1/thumb/v7-m/nofp/crtbegin.o
 *(.init)
 .init          0x08003004        0x4 C:/ST/STM32CubeIDE_2.0.0/STM32CubeIDE/plugins/com.st.stm32cube.ide.mcu.externaltools.gnu-tools-for-stm32.14.3.rel1.win32_1.0.100.202602081740/tools/bin/../lib/gcc/arm-none-eabi/14.3.1/thumb/v7-m/nofp/crti.o
                0x08003004                _init
 .init          0x08003008        0x8 C:/ST/STM32CubeIDE_2.0.0/STM32CubeIDE/plugins/com.st.stm32cube.ide.mcu.externaltools.gnu-tools-for-stm32.14.3.rel1.win32_1.0.100.202602081740/tools/bin/../lib/gcc/arm-none-eabi/14.3.1/thumb/v7-m/nofp/crtn.o
 *(.fini)
 .fini          0x08003010        0x4 C:/ST/STM32CubeIDE_2.0.0/STM32CubeIDE/plugins/com.st.stm32cube.ide.mcu.externaltools.gnu-tools-for-stm32.14.3.rel1.win32_1.0.100.202602081740/tools/bin/../lib/gcc/arm-none-eabi/14.3.1/thumb/v7-m/nofp/crti.o
                0x08003010                _fini
 .fini          0x08003014        0x8 C:/ST/STM32CubeIDE_2.0.0/STM32CubeIDE/plugins/com.st.stm32cube.ide.mcu.externaltools.gnu-tools-for-stm32.14.3.rel1.win32_1.0.100.202602081740/tools/bin/../lib/gcc/arm-none-eabi/14.3.1/thumb/v7-m/nofp/crtn.o
                0x0800301c                        . = ALIGN (0x4)
                0x0800301c                        _etext = .

.vfp11_veneer   0x0800301c        0x0
 .vfp11_veneer  0x0800301c        0x0 linker stubs

.v4_bx          0x0800301c        0x0
 .v4_bx         0x0800301c        0x0 linker stubs

.iplt           0x0800301c        0x0
 .iplt          0x0800301c        0x0 C:/ST/STM32CubeIDE_2.0.0/STM32CubeIDE/plugins/com.st.stm32cube.ide.mcu.externaltools.gnu-tools-for-stm32.14.3.rel1.win32_1.0.100.202602081740/tools/bin/../lib/gcc/arm-none-eabi/14.3.1/thumb/v7-m/nofp/crtbegin.o

.rodata         0x0800301c       0x40
                0x0800301c                        . = ALIGN (0x4)
 *(.rodata)
 *(.rodata*)
 .rodata.AHBPrescTable
                0x0800301c       0x10 ./Core/Src/system_stm32f1xx.o
                0x0800301c                AHBPrescTable
 .rodata.APBPrescTable
                0x0800302c        0x8 ./Core/Src/system_stm32f1xx.o
                0x0800302c                APBPrescTable
 .rodata.aPLLMULFactorTable.1
                0x08003034       0x10 ./Drivers/STM32F1xx_HAL_Driver/Src/stm32f1xx_hal_rcc.o
 .rodata.aPredivFactorTable.0
                0x08003044        0x2 ./Drivers/STM32F1xx_HAL_Driver/Src/stm32f1xx_hal_rcc.o
 *fill*         0x08003046        0x2 
 .rodata.aPLLMULFactorTable.1
                0x08003048       0x10 ./Drivers/STM32F1xx_HAL_Driver/Src/stm32f1xx_hal_rcc_ex.o
 .rodata.aPredivFactorTable.0
                0x08003058        0x2 ./Drivers/STM32F1xx_HAL_Driver/Src/stm32f1xx_hal_rcc_ex.o
                0x0800305c                        . = ALIGN (0x4)
 *fill*         0x0800305a        0x2 

.ARM.extab      0x0800305c        0x0
                0x0800305c                        . = ALIGN (0x4)
 *(.ARM.extab* .gnu.linkonce.armextab.*)
                0x0800305c                        . = ALIGN (0x4)

.ARM            0x0800305c        0x0
                0x0800305c                        . = ALIGN (0x4)
                0x0800305c                        __exidx_start = .
 *(.ARM.exidx*)
                0x0800305c                        __exidx_end = .
                0x0800305c                        . = ALIGN (0x4)

.preinit_array  0x0800305c        0x0
                0x0800305c                        . = ALIGN (0x4)
                0x0800305c                        PROVIDE (__preinit_array_start = .)
 *(.preinit_array*)
                0x0800305c                        PROVIDE (__preinit_array_end = .)
                0x0800305c                        . = ALIGN (0x4)

.init_array     0x0800305c        0x4
                0x0800305c                        . = ALIGN (0x4)
                0x0800305c                        PROVIDE (__init_array_start = .)
 *(SORT_BY_NAME(.init_array.*))
 *(.init_array*)
 .init_array    0x0800305c        0x4 C:/ST/STM32CubeIDE_2.0.0/STM32CubeIDE/plugins/com.st.stm32cube.ide.mcu.externaltools.gnu-tools-for-stm32.14.3.rel1.win32_1.0.100.202602081740/tools/bin/../lib/gcc/arm-none-eabi/14.3.1/thumb/v7-m/nofp/crtbegin.o
                0x08003060                        PROVIDE (__init_array_end = .)
                0x08003060                        . = ALIGN (0x4)

.fini_array     0x08003060        0x4
                0x08003060                        . = ALIGN (0x4)
                [!provide]                        PROVIDE (__fini_array_start = .)
 *(SORT_BY_NAME(.fini_array.*))
 *(.fini_array*)
 .fini_array    0x08003060        0x4 C:/ST/STM32CubeIDE_2.0.0/STM32CubeIDE/plugins/com.st.stm32cube.ide.mcu.externaltools.gnu-tools-for-stm32.14.3.rel1.win32_1.0.100.202602081740/tools/bin/../lib/gcc/arm-none-eabi/14.3.1/thumb/v7-m/nofp/crtbegin.o
                [!provide]                        PROVIDE (__fini_array_end = .)
                0x08003064                        . = ALIGN (0x4)
                0x08003064                        _sidata = LOADADDR (.data)

.rel.dyn        0x08003064        0x0
 .rel.iplt      0x08003064        0x0 C:/ST/STM32CubeIDE_2.0.0/STM32CubeIDE/plugins/com.st.stm32cube.ide.mcu.externaltools.gnu-tools-for-stm32.14.3.rel1.win32_1.0.100.202602081740/tools/bin/../lib/gcc/arm-none-eabi/14.3.1/thumb/v7-m/nofp/crtbegin.o

.data           0x20000000        0xc load address 0x08003064
                0x20000000                        . = ALIGN (0x4)
                0x20000000                        _sdata = .
 *(.data)
 *(.data*)
 .data.SystemCoreClock
                0x20000000        0x4 ./Core/Src/system_stm32f1xx.o
                0x20000000                SystemCoreClock
 .data.uwTickPrio
                0x20000004        0x4 ./Drivers/STM32F1xx_HAL_Driver/Src/stm32f1xx_hal.o
                0x20000004                uwTickPrio
 .data.uwTickFreq
                0x20000008        0x1 ./Drivers/STM32F1xx_HAL_Driver/Src/stm32f1xx_hal.o
                0x20000008                uwTickFreq
 *(.RamFunc)
 *(.RamFunc*)
                0x2000000c                        . = ALIGN (0x4)
 *fill*         0x20000009        0x3 
                0x2000000c                        _edata = .

.igot.plt       0x2000000c        0x0 load address 0x08003070
 .igot.plt      0x2000000c        0x0 C:/ST/STM32CubeIDE_2.0.0/STM32CubeIDE/plugins/com.st.stm32cube.ide.mcu.externaltools.gnu-tools-for-stm32.14.3.rel1.win32_1.0.100.202602081740/tools/bin/../lib/gcc/arm-none-eabi/14.3.1/thumb/v7-m/nofp/crtbegin.o
                0x2000000c                        . = ALIGN (0x4)

.bss            0x2000000c      0x18c load address 0x08003070
                0x2000000c                        _sbss = .
                0x2000000c                        __bss_start__ = _sbss
 *(.bss)
 .bss           0x2000000c       0x1c C:/ST/STM32CubeIDE_2.0.0/STM32CubeIDE/plugins/com.st.stm32cube.ide.mcu.externaltools.gnu-tools-for-stm32.14.3.rel1.win32_1.0.100.202602081740/tools/bin/../lib/gcc/arm-none-eabi/14.3.1/thumb/v7-m/nofp/crtbegin.o
 *(.bss*)
 .bss.ask433    0x20000028       0xa0 ./Core/Src/ask_hal.o
                0x20000028                ask433
 .bss.hadc1     0x200000c8       0x30 ./Core/Src/main.o
                0x200000c8                hadc1
 .bss.hi2c1     0x200000f8       0x54 ./Core/Src/main.o
                0x200000f8                hi2c1
 .bss.htim2     0x2000014c       0x48 ./Core/Src/main.o
                0x2000014c                htim2
 .bss.uwTick    0x20000194        0x4 ./Drivers/STM32F1xx_HAL_Driver/Src/stm32f1xx_hal.o
                0x20000194                uwTick
 *(COMMON)
                0x20000198                        . = ALIGN (0x4)
                0x20000198                        _ebss = .
                0x20000198                        __bss_end__ = _ebss

._user_heap_stack
                0x20000198      0x600 load address 0x08003070
                0x20000198                        . = ALIGN (0x8)
                [!provide]                        PROVIDE (end = .)
                0x20000198                        PROVIDE (_end = .)
                0x20000398                        . = (. + _Min_Heap_Size)
 *fill*         0x20000198      0x200 
                0x20000798                        . = (. + _Min_Stack_Size)
 *fill*         0x20000398      0x400 
                0x20000798                        . = ALIGN (0x8)

/DISCARD/
 libc.a(*)
 libm.a(*)
 libgcc.a(*)

.ARM.attributes
                0x00000000       0x29
 *(.ARM.attributes)
 .ARM.attributes
                0x00000000       0x1d C:/ST/STM32CubeIDE_2.0.0/STM32CubeIDE/plugins/com.st.stm32cube.ide.mcu.externaltools.gnu-tools-for-stm32.14.3.rel1.win32_1.0.100.202602081740/tools/bin/../lib/gcc/arm-none-eabi/14.3.1/thumb/v7-m/nofp/crti.o
 .ARM.attributes
                0x0000001d       0x2d C:/ST/STM32CubeIDE_2.0.0/STM32CubeIDE/plugins/com.st.stm32cube.ide.mcu.externaltools.gnu-tools-for-stm32.14.3.rel1.win32_1.0.100.202602081740/tools/bin/../lib/gcc/arm-none-eabi/14.3.1/thumb/v7-m/nofp/crtbegin.o
 .ARM.attributes
                0x0000004a       0x2d ./Core/Src/ask.o
 .ARM.attributes
                0x00000077       0x2d ./Core/Src/ask_hal.o
 .ARM.attributes
                0x000000a4       0x2d ./Core/Src/main.o
 .ARM.attributes
                0x000000d1       0x2d ./Core/Src/stm32f1xx_hal_msp.o
 .ARM.attributes
                0x000000fe       0x2d ./Core/Src/stm32f1xx_it.o
 .ARM.attributes
                0x0000012b       0x2d ./Core/Src/system_stm32f1xx.o
 .ARM.attributes
                0x00000158       0x21 ./Core/Startup/startup_stm32f103c6tx.o
 .ARM.attributes
                0x00000179       0x2d ./Drivers/STM32F1xx_HAL_Driver/Src/stm32f1xx_hal.o
 .ARM.attributes
                0x000001a6       0x2d ./Drivers/STM32F1xx_HAL_Driver/Src/stm32f1xx_hal_adc.o
 .ARM.attributes
                0x000001d3       0x2d ./Drivers/STM32F1xx_HAL_Driver/Src/stm32f1xx_hal_cortex.o
 .ARM.attributes
                0x00000200       0x2d ./Drivers/STM32F1xx_HAL_Driver/Src/stm32f1xx_hal_gpio.o
 .ARM.attributes
                0x0000022d       0x2d ./Drivers/STM32F1xx_HAL_Driver/Src/stm32f1xx_hal_i2c.o
 .ARM.attributes
                0x0000025a       0x2d ./Drivers/STM32F1xx_HAL_Driver/Src/stm32f1xx_hal_rcc.o
 .ARM.attributes
                0x00000287       0x2d ./Drivers/STM32F1xx_HAL_Driver/Src/stm32f1xx_hal_rcc_ex.o
 .ARM.attributes
                0x000002b4       0x2d ./Drivers/STM32F1xx_HAL_Driver/Src/stm32f1xx_hal_tim.o
 .ARM.attributes
                0x000002e1       0x2d ./Drivers/STM32F1xx_HAL_Driver/Src/stm32f1xx_hal_tim_ex.o
 .ARM.attributes
                0x0000030e       0x2d C:/ST/STM32CubeIDE_2.0.0/STM32CubeIDE/plugins/com.st.stm32cube.ide.mcu.externaltools.gnu-tools-for-stm32.14.3.rel1.win32_1.0.100.202602081740/tools/bin/../lib/gcc/arm-none-eabi/14.3.1/../../../../arm-none-eabi/lib/thumb/v7-m/nofp\libc_nano.a(libc_a-memset.o)
 .ARM.attributes
                0x0000033b       0x2d C:/ST/STM32CubeIDE_2.0.0/STM32CubeIDE/plugins/com.st.stm32cube.ide.mcu.externaltools.gnu-tools-for-stm32.14.3.rel1.win32_1.0.100.202602081740/tools/bin/../lib/gcc/arm-none-eabi/14.3.1/../../../../arm-none-eabi/lib/thumb/v7-m/nofp\libc_nano.a(libc_a-init.o)
 .ARM.attributes
                0x00000368       0x1d C:/ST/STM32CubeIDE_2.0.0/STM32CubeIDE/plugins/com.st.stm32cube.ide.mcu.externaltools.gnu-tools-for-stm32.14.3.rel1.win32_1.0.100.202602081740/tools/bin/../lib/gcc/arm-none-eabi/14.3.1/thumb/v7-m/nofp/crtn.o
OUTPUT(TX_C6.elf elf32-littlearm)
LOAD linker stubs
LOAD C:/ST/STM32CubeIDE_2.0.0/STM32CubeIDE/plugins/com.st.stm32cube.ide.mcu.externaltools.gnu-tools-for-stm32.14.3.rel1.win32_1.0.100.202602081740/tools/bin/../lib/gcc/arm-none-eabi/14.3.1/../../../../arm-none-eabi/lib/thumb/v7-m/nofp\libc.a
LOAD C:/ST/STM32CubeIDE_2.0.0/STM32CubeIDE/plugins/com.st.stm32cube.ide.mcu.externaltools.gnu-tools-for-stm32.14.3.rel1.win32_1.0.100.202602081740/tools/bin/../lib/gcc/arm-none-eabi/14.3.1/../../../../arm-none-eabi/lib/thumb/v7-m/nofp\libm.a
LOAD C:/ST/STM32CubeIDE_2.0.0/STM32CubeIDE/plugins/com.st.stm32cube.ide.mcu.externaltools.gnu-tools-for-stm32.14.3.rel1.win32_1.0.100.202602081740/tools/bin/../lib/gcc/arm-none-eabi/14.3.1/thumb/v7-m/nofp\libgcc.a

.debug_info     0x00000000     0xcae7
 .debug_info    0x00000000      0x582 ./Core/Src/ask.o
 .debug_info    0x00000582      0x55e ./Core/Src/ask_hal.o
 .debug_info    0x00000ae0     0x151a ./Core/Src/main.o
 .debug_info    0x00001ffa     0x1003 ./Core/Src/stm32f1xx_hal_msp.o
 .debug_info    0x00002ffd      0x6a1 ./Core/Src/stm32f1xx_it.o
 .debug_info    0x0000369e      0x222 ./Core/Src/system_stm32f1xx.o
 .debug_info    0x000038c0       0x30 ./Core/Startup/startup_stm32f103c6tx.o
 .debug_info    0x000038f0      0x6e6 ./Drivers/STM32F1xx_HAL_Driver/Src/stm32f1xx_hal.o
 .debug_info    0x00003fd6      0xc50 ./Drivers/STM32F1xx_HAL_Driver/Src/stm32f1xx_hal_adc.o
 .debug_info    0x00004c26      0xa69 ./Drivers/STM32F1xx_HAL_Driver/Src/stm32f1xx_hal_cortex.o
 .debug_info    0x0000568f      0x5ab ./Drivers/STM32F1xx_HAL_Driver/Src/stm32f1xx_hal_gpio.o
 .debug_info    0x00005c3a     0x2524 ./Drivers/STM32F1xx_HAL_Driver/Src/stm32f1xx_hal_i2c.o
 .debug_info    0x0000815e      0x7d5 ./Drivers/STM32F1xx_HAL_Driver/Src/stm32f1xx_hal_rcc.o
 .debug_info    0x00008933      0x3c0 ./Drivers/STM32F1xx_HAL_Driver/Src/stm32f1xx_hal_rcc_ex.o
 .debug_info    0x00008cf3     0x2959 ./Drivers/STM32F1xx_HAL_Driver/Src/stm32f1xx_hal_tim.o
 .debug_info    0x0000b64c     0x149b ./Drivers/STM32F1xx_HAL_Driver/Src/stm32f1xx_hal_tim_ex.o

.debug_abbrev   0x00000000     0x20b0
 .debug_abbrev  0x00000000      0x189 ./Core/Src/ask.o
 .debug_abbrev  0x00000189      0x251 ./Core/Src/ask_hal.o
 .debug_abbrev  0x000003da      0x34d ./Core/Src/main.o
 .debug_abbrev  0x00000727      0x1d6 ./Core/Src/stm32f1xx_hal_msp.o
 .debug_abbrev  0x000008fd      0x191 ./Core/Src/stm32f1xx_it.o
 .debug_abbrev  0x00000a8e      0x13f ./Core/Src/system_stm32f1xx.o
 .debug_abbrev  0x00000bcd       0x24 ./Core/Startup/startup_stm32f103c6tx.o
 .debug_abbrev  0x00000bf1      0x201 ./Drivers/STM32F1xx_HAL_Driver/Src/stm32f1xx_hal.o
 .debug_abbrev  0x00000df2      0x225 ./Drivers/STM32F1xx_HAL_Driver/Src/stm32f1xx_hal_adc.o
 .debug_abbrev  0x00001017      0x2f8 ./Drivers/STM32F1xx_HAL_Driver/Src/stm32f1xx_hal_cortex.o
 .debug_abbrev  0x0000130f      0x1ca ./Drivers/STM32F1xx_HAL_Driver/Src/stm32f1xx_hal_gpio.o
 .debug_abbrev  0x000014d9      0x2a3 ./Drivers/STM32F1xx_HAL_Driver/Src/stm32f1xx_hal_i2c.o
 .debug_abbrev  0x0000177c      0x2b3 ./Drivers/STM32F1xx_HAL_Driver/Src/stm32f1xx_hal_rcc.o
 .debug_abbrev  0x00001a2f      0x188 ./Drivers/STM32F1xx_HAL_Driver/Src/stm32f1xx_hal_rcc_ex.o
 .debug_abbrev  0x00001bb7      0x277 ./Drivers/STM32F1xx_HAL_Driver/Src/stm32f1xx_hal_tim.o
 .debug_abbrev  0x00001e2e      0x282 ./Drivers/STM32F1xx_HAL_Driver/Src/stm32f1xx_hal_tim_ex.o

.debug_aranges  0x00000000      0xe20
 .debug_aranges
                0x00000000       0x68 ./Core/Src/ask.o
 .debug_aranges
                0x00000068       0x90 ./Core/Src/ask_hal.o
 .debug_aranges
                0x000000f8       0x58 ./Core/Src/main.o
 .debug_aranges
                0x00000150       0x50 ./Core/Src/stm32f1xx_hal_msp.o
 .debug_aranges
                0x000001a0       0x68 ./Core/Src/stm32f1xx_it.o
 .debug_aranges
                0x00000208       0x28 ./Core/Src/system_stm32f1xx.o
 .debug_aranges
                0x00000230       0x28 ./Core/Startup/startup_stm32f103c6tx.o
 .debug_aranges
                0x00000258       0xe0 ./Drivers/STM32F1xx_HAL_Driver/Src/stm32f1xx_hal.o
 .debug_aranges
                0x00000338       0xf0 ./Drivers/STM32F1xx_HAL_Driver/Src/stm32f1xx_hal_adc.o
 .debug_aranges
                0x00000428      0x100 ./Drivers/STM32F1xx_HAL_Driver/Src/stm32f1xx_hal_cortex.o
 .debug_aranges
                0x00000528       0x58 ./Drivers/STM32F1xx_HAL_Driver/Src/stm32f1xx_hal_gpio.o
 .debug_aranges
                0x00000580      0x2a8 ./Drivers/STM32F1xx_HAL_Driver/Src/stm32f1xx_hal_i2c.o
 .debug_aranges
                0x00000828       0x90 ./Drivers/STM32F1xx_HAL_Driver/Src/stm32f1xx_hal_rcc.o
 .debug_aranges
                0x000008b8       0x30 ./Drivers/STM32F1xx_HAL_Driver/Src/stm32f1xx_hal_rcc_ex.o
 .debug_aranges
                0x000008e8      0x3d0 ./Drivers/STM32F1xx_HAL_Driver/Src/stm32f1xx_hal_tim.o
 .debug_aranges
                0x00000cb8      0x168 ./Drivers/STM32F1xx_HAL_Driver/Src/stm32f1xx_hal_tim_ex.o

.debug_rnglists
                0x00000000      0xb0b
 .debug_rnglists
                0x00000000       0x4e ./Core/Src/ask.o
 .debug_rnglists
                0x0000004e       0x67 ./Core/Src/ask_hal.o
 .debug_rnglists
                0x000000b5       0x41 ./Core/Src/main.o
 .debug_rnglists
                0x000000f6       0x38 ./Core/Src/stm32f1xx_hal_msp.o
 .debug_rnglists
                0x0000012e       0x49 ./Core/Src/stm32f1xx_it.o
 .debug_rnglists
                0x00000177       0x1a ./Core/Src/system_stm32f1xx.o
 .debug_rnglists
                0x00000191       0x19 ./Core/Startup/startup_stm32f103c6tx.o
 .debug_rnglists
                0x000001aa       0xa3 ./Drivers/STM32F1xx_HAL_Driver/Src/stm32f1xx_hal.o
 .debug_rnglists
                0x0000024d       0xbc ./Drivers/STM32F1xx_HAL_Driver/Src/stm32f1xx_hal_adc.o
 .debug_rnglists
                0x00000309       0xbb ./Drivers/STM32F1xx_HAL_Driver/Src/stm32f1xx_hal_cortex.o
 .debug_rnglists
                0x000003c4       0x3f ./Drivers/STM32F1xx_HAL_Driver/Src/stm32f1xx_hal_gpio.o
 .debug_rnglists
                0x00000403      0x23c ./Drivers/STM32F1xx_HAL_Driver/Src/stm32f1xx_hal_i2c.o
 .debug_rnglists
                0x0000063f       0x6c ./Drivers/STM32F1xx_HAL_Driver/Src/stm32f1xx_hal_rcc.o
 .debug_rnglists
                0x000006ab       0x21 ./Drivers/STM32F1xx_HAL_Driver/Src/stm32f1xx_hal_rcc_ex.o
 .debug_rnglists
                0x000006cc      0x31a ./Drivers/STM32F1xx_HAL_Driver/Src/stm32f1xx_hal_tim.o
 .debug_rnglists
                0x000009e6      0x125 ./Drivers/STM32F1xx_HAL_Driver/Src/stm32f1xx_hal_tim_ex.o

.debug_macro    0x00000000    0x17e2c
 .debug_macro   0x00000000      0x156 ./Core/Src/ask.o
 .debug_macro   0x00000156      0xacc ./Core/Src/ask.o
 .debug_macro   0x00000c22       0x22 ./Core/Src/ask.o
 .debug_macro   0x00000c44       0x22 ./Core/Src/ask.o
 .debug_macro   0x00000c66       0x8e ./Core/Src/ask.o
 .debug_macro   0x00000cf4       0x51 ./Core/Src/ask.o
 .debug_macro   0x00000d45      0x103 ./Core/Src/ask.o
 .debug_macro   0x00000e48       0x6a ./Core/Src/ask.o
 .debug_macro   0x00000eb2      0x1df ./Core/Src/ask.o
 .debug_macro   0x00001091       0x22 ./Core/Src/ask.o
 .debug_macro   0x000010b3       0x61 ./Core/Src/ask.o
 .debug_macro   0x00001114       0x24 ./Core/Src/ask.o
 .debug_macro   0x00001138       0x43 ./Core/Src/ask.o
 .debug_macro   0x0000117b       0x34 ./Core/Src/ask.o
 .debug_macro   0x000011af      0x190 ./Core/Src/ask.o
 .debug_macro   0x0000133f      0x364 ./Core/Src/ask.o
 .debug_macro   0x000016a3       0x16 ./Core/Src/ask.o
 .debug_macro   0x000016b9       0x4a ./Core/Src/ask.o
 .debug_macro   0x00001703       0x34 ./Core/Src/ask.o
 .debug_macro   0x00001737       0x10 ./Core/Src/ask.o
 .debug_macro   0x00001747       0x58 ./Core/Src/ask.o
 .debug_macro   0x0000179f       0x8e ./Core/Src/ask.o
 .debug_macro   0x0000182d       0x1c ./Core/Src/ask.o
 .debug_macro   0x00001849      0x17e ./Core/Src/ask.o
 .debug_macro   0x000019c7       0x10 ./Core/Src/ask.o
 .debug_macro   0x000019d7       0x3c ./Core/Src/ask.o
 .debug_macro   0x00001a13       0x20 ./Core/Src/ask.o
 .debug_macro   0x00001a33      0x1ea ./Core/Src/ask_hal.o
 .debug_macro   0x00001c1d      0x221 ./Core/Src/ask_hal.o
 .debug_macro   0x00001e3e       0x2e ./Core/Src/ask_hal.o
 .debug_macro   0x00001e6c       0x22 ./Core/Src/ask_hal.o
 .debug_macro   0x00001e8e       0x1c ./Core/Src/ask_hal.o
 .debug_macro   0x00001eaa       0x22 ./Core/Src/ask_hal.o
 .debug_macro   0x00001ecc       0xbd ./Core/Src/ask_hal.o
 .debug_macro   0x00001f89      0xd23 ./Core/Src/ask_hal.o
 .debug_macro   0x00002cac     0xde75 ./Core/Src/ask_hal.o
 .debug_macro   0x00010b21       0x6d ./Core/Src/ask_hal.o
 .debug_macro   0x00010b8e     0x34a2 ./Core/Src/ask_hal.o
 .debug_macro   0x00014030       0x5c ./Core/Src/ask_hal.o
 .debug_macro   0x0001408c      0x5bc ./Core/Src/ask_hal.o
 .debug_macro   0x00014648      0x1b7 ./Core/Src/ask_hal.o
 .debug_macro   0x000147ff      0x1cb ./Core/Src/ask_hal.o
 .debug_macro   0x000149ca      0x114 ./Core/Src/ask_hal.o
 .debug_macro   0x00014ade      0x1b2 ./Core/Src/ask_hal.o
 .debug_macro   0x00014c90       0x27 ./Core/Src/ask_hal.o
 .debug_macro   0x00014cb7      0x12f ./Core/Src/ask_hal.o
 .debug_macro   0x00014de6      0x1bc ./Core/Src/ask_hal.o
 .debug_macro   0x00014fa2       0x34 ./Core/Src/ask_hal.o
 .debug_macro   0x00014fd6       0x3c ./Core/Src/ask_hal.o
 .debug_macro   0x00015012       0x57 ./Core/Src/ask_hal.o
 .debug_macro   0x00015069      0x46a ./Core/Src/ask_hal.o
 .debug_macro   0x000154d3      0x1b5 ./Core/Src/ask_hal.o
 .debug_macro   0x00015688       0x87 ./Core/Src/ask_hal.o
 .debug_macro   0x0001570f      0x183 ./Core/Src/ask_hal.o
 .debug_macro   0x00015892      0x287 ./Core/Src/ask_hal.o
 .debug_macro   0x00015b19      0x140 ./Core/Src/ask_hal.o
 .debug_macro   0x00015c59      0x8ed ./Core/Src/ask_hal.o
 .debug_macro   0x00016546       0x69 ./Core/Src/ask_hal.o
 .debug_macro   0x000165af       0xa0 ./Core/Src/ask_hal.o
 .debug_macro   0x0001664f      0x22c ./Core/Src/main.o
 .debug_macro   0x0001687b      0x1c4 ./Core/Src/stm32f1xx_hal_msp.o
 .debug_macro   0x00016a3f      0x1ce ./Core/Src/stm32f1xx_it.o
 .debug_macro   0x00016c0d      0x1b5 ./Core/Src/system_stm32f1xx.o
 .debug_macro   0x00016dc2      0x1d9 ./Drivers/STM32F1xx_HAL_Driver/Src/stm32f1xx_hal.o
 .debug_macro   0x00016f9b      0x1d2 ./Drivers/STM32F1xx_HAL_Driver/Src/stm32f1xx_hal_adc.o
 .debug_macro   0x0001716d      0x1b5 ./Drivers/STM32F1xx_HAL_Driver/Src/stm32f1xx_hal_cortex.o
 .debug_macro   0x00017322      0x220 ./Drivers/STM32F1xx_HAL_Driver/Src/stm32f1xx_hal_gpio.o
 .debug_macro   0x00017542      0x203 ./Drivers/STM32F1xx_HAL_Driver/Src/stm32f1xx_hal_i2c.o
 .debug_macro   0x00017745      0x1c7 ./Drivers/STM32F1xx_HAL_Driver/Src/stm32f1xx_hal_rcc.o
 .debug_macro   0x0001790c      0x1b5 ./Drivers/STM32F1xx_HAL_Driver/Src/stm32f1xx_hal_rcc_ex.o
 .debug_macro   0x00017ac1      0x1b6 ./Drivers/STM32F1xx_HAL_Driver/Src/stm32f1xx_hal_tim.o
 .debug_macro   0x00017c77      0x1b5 ./Drivers/STM32F1xx_HAL_Driver/Src/stm32f1xx_hal_tim_ex.o

.debug_line     0x00000000    0x1067f
 .debug_line    0x00000000      0xb66 ./Core/Src/ask.o
 .debug_line    0x00000b66      0x8c4 ./Core/Src/ask_hal.o
 .debug_line    0x0000142a      0x9c3 ./Core/Src/main.o
 .debug_line    0x00001ded      0x7fd ./Core/Src/stm32f1xx_hal_msp.o
 .debug_line    0x000025ea      0x7f7 ./Core/Src/stm32f1xx_it.o
 .debug_line    0x00002de1      0x7af ./Core/Src/system_stm32f1xx.o
 .debug_line    0x00003590       0x78 ./Core/Startup/startup_stm32f103c6tx.o
 .debug_line    0x00003608      0x9e3 ./Drivers/STM32F1xx_HAL_Driver/Src/stm32f1xx_hal.o
 .debug_line    0x00003feb     0x1005 ./Drivers/STM32F1xx_HAL_Driver/Src/stm32f1xx_hal_adc.o
 .debug_line    0x00004ff0      0xbaa ./Drivers/STM32F1xx_HAL_Driver/Src/stm32f1xx_hal_cortex.o
 .debug_line    0x00005b9a      0xa25 ./Drivers/STM32F1xx_HAL_Driver/Src/stm32f1xx_hal_gpio.o
 .debug_line    0x000065bf     0x3bdd ./Drivers/STM32F1xx_HAL_Driver/Src/stm32f1xx_hal_i2c.o
 .debug_line    0x0000a19c      0xe99 ./Drivers/STM32F1xx_HAL_Driver/Src/stm32f1xx_hal_rcc.o
 .debug_line    0x0000b035      0x94b ./Drivers/STM32F1xx_HAL_Driver/Src/stm32f1xx_hal_rcc_ex.o
 .debug_line    0x0000b980     0x348b ./Drivers/STM32F1xx_HAL_Driver/Src/stm32f1xx_hal_tim.o
 .debug_line    0x0000ee0b     0x1874 ./Drivers/STM32F1xx_HAL_Driver/Src/stm32f1xx_hal_tim_ex.o

.debug_str      0x00000000    0x8cda6
 .debug_str     0x00000000    0x8cda6 ./Core/Src/ask.o
                               0x754d (size before relaxing)
 .debug_str     0x0008cda6    0x85fac ./Core/Src/ask_hal.o
 .debug_str     0x0008cda6    0x86ceb ./Core/Src/main.o
 .debug_str     0x0008cda6    0x86902 ./Core/Src/stm32f1xx_hal_msp.o
 .debug_str     0x0008cda6    0x861bc ./Core/Src/stm32f1xx_it.o
 .debug_str     0x0008cda6    0x85ab8 ./Core/Src/system_stm32f1xx.o
 .debug_str     0x0008cda6       0x80 ./Core/Startup/startup_stm32f103c6tx.o
 .debug_str     0x0008cda6    0x861b1 ./Drivers/STM32F1xx_HAL_Driver/Src/stm32f1xx_hal.o
 .debug_str     0x0008cda6    0x8619c ./Drivers/STM32F1xx_HAL_Driver/Src/stm32f1xx_hal_adc.o
 .debug_str     0x0008cda6    0x860fd ./Drivers/STM32F1xx_HAL_Driver/Src/stm32f1xx_hal_cortex.o
 .debug_str     0x0008cda6    0x85e3e ./Drivers/STM32F1xx_HAL_Driver/Src/stm32f1xx_hal_gpio.o
 .debug_str     0x0008cda6    0x86b7f ./Drivers/STM32F1xx_HAL_Driver/Src/stm32f1xx_hal_i2c.o
 .debug_str     0x0008cda6    0x85ee7 ./Drivers/STM32F1xx_HAL_Driver/Src/stm32f1xx_hal_rcc.o
 .debug_str     0x0008cda6    0x85c37 ./Drivers/STM32F1xx_HAL_Driver/Src/stm32f1xx_hal_rcc_ex.o
 .debug_str     0x0008cda6    0x86ee9 ./Drivers/STM32F1xx_HAL_Driver/Src/stm32f1xx_hal_tim.o
 .debug_str     0x0008cda6    0x866f5 ./Drivers/STM32F1xx_HAL_Driver/Src/stm32f1xx_hal_tim_ex.o

.comment        0x00000000       0x43
 .comment       0x00000000       0x43 ./Core/Src/ask.o
                                 0x44 (size before relaxing)
 .comment       0x00000043       0x44 ./Core/Src/ask_hal.o
 .comment       0x00000043       0x44 ./Core/Src/main.o
 .comment       0x00000043       0x44 ./Core/Src/stm32f1xx_hal_msp.o
 .comment       0x00000043       0x44 ./Core/Src/stm32f1xx_it.o
 .comment       0x00000043       0x44 ./Core/Src/system_stm32f1xx.o
 .comment       0x00000043       0x44 ./Drivers/STM32F1xx_HAL_Driver/Src/stm32f1xx_hal.o
 .comment       0x00000043       0x44 ./Drivers/STM32F1xx_HAL_Driver/Src/stm32f1xx_hal_adc.o
 .comment       0x00000043       0x44 ./Drivers/STM32F1xx_HAL_Driver/Src/stm32f1xx_hal_cortex.o
 .comment       0x00000043       0x44 ./Drivers/STM32F1xx_HAL_Driver/Src/stm32f1xx_hal_gpio.o
 .comment       0x00000043       0x44 ./Drivers/STM32F1xx_HAL_Driver/Src/stm32f1xx_hal_i2c.o
 .comment       0x00000043       0x44 ./Drivers/STM32F1xx_HAL_Driver/Src/stm32f1xx_hal_rcc.o
 .comment       0x00000043       0x44 ./Drivers/STM32F1xx_HAL_Driver/Src/stm32f1xx_hal_rcc_ex.o
 .comment       0x00000043       0x44 ./Drivers/STM32F1xx_HAL_Driver/Src/stm32f1xx_hal_tim.o
 .comment       0x00000043       0x44 ./Drivers/STM32F1xx_HAL_Driver/Src/stm32f1xx_hal_tim_ex.o

.debug_frame    0x00000000     0x387c
 .debug_frame   0x00000000      0x18c ./Core/Src/ask.o
 .debug_frame   0x0000018c      0x1ec ./Core/Src/ask_hal.o
 .debug_frame   0x00000378      0x118 ./Core/Src/main.o
 .debug_frame   0x00000490      0x10c ./Core/Src/stm32f1xx_hal_msp.o
 .debug_frame   0x0000059c      0x114 ./Core/Src/stm32f1xx_it.o
 .debug_frame   0x000006b0       0x50 ./Core/Src/system_stm32f1xx.o
 .debug_frame   0x00000700      0x2e4 ./Drivers/STM32F1xx_HAL_Driver/Src/stm32f1xx_hal.o
 .debug_frame   0x000009e4      0x3e0 ./Drivers/STM32F1xx_HAL_Driver/Src/stm32f1xx_hal_adc.o
 .debug_frame   0x00000dc4      0x3f0 ./Drivers/STM32F1xx_HAL_Driver/Src/stm32f1xx_hal_cortex.o
 .debug_frame   0x000011b4      0x130 ./Drivers/STM32F1xx_HAL_Driver/Src/stm32f1xx_hal_gpio.o
 .debug_frame   0x000012e4      0xbf4 ./Drivers/STM32F1xx_HAL_Driver/Src/stm32f1xx_hal_i2c.o
 .debug_frame   0x00001ed8      0x1f8 ./Drivers/STM32F1xx_HAL_Driver/Src/stm32f1xx_hal_rcc.o
 .debug_frame   0x000020d0       0x7c ./Drivers/STM32F1xx_HAL_Driver/Src/stm32f1xx_hal_rcc_ex.o
 .debug_frame   0x0000214c     0x10e4 ./Drivers/STM32F1xx_HAL_Driver/Src/stm32f1xx_hal_tim.o
 .debug_frame   0x00003230      0x600 ./Drivers/STM32F1xx_HAL_Driver/Src/stm32f1xx_hal_tim_ex.o
 .debug_frame   0x00003830       0x20 C:/ST/STM32CubeIDE_2.0.0/STM32CubeIDE/plugins/com.st.stm32cube.ide.mcu.externaltools.gnu-tools-for-stm32.14.3.rel1.win32_1.0.100.202602081740/tools/bin/../lib/gcc/arm-none-eabi/14.3.1/../../../../arm-none-eabi/lib/thumb/v7-m/nofp\libc_nano.a(libc_a-memset.o)
 .debug_frame   0x00003850       0x2c C:/ST/STM32CubeIDE_2.0.0/STM32CubeIDE/plugins/com.st.stm32cube.ide.mcu.externaltools.gnu-tools-for-stm32.14.3.rel1.win32_1.0.100.202602081740/tools/bin/../lib/gcc/arm-none-eabi/14.3.1/../../../../arm-none-eabi/lib/thumb/v7-m/nofp\libc_nano.a(libc_a-init.o)

.debug_line_str
                0x00000000       0x64
 .debug_line_str
                0x00000000       0x64 ./Core/Startup/startup_stm32f103c6tx.o
