Added Pin To Net: NetName=GND Pin=C111-1
Added Pin To Net: NetName=GND Pin=C112-1
Added Pin To Net: NetName=GND Pin=C113-1
Added Pin To Net: NetName=GND Pin=C114-1
Added Pin To Net: NetName=GND Pin=C115-1
Added Pin To Net: NetName=GND Pin=J101-5
Added Pin To Net: NetName=GND Pin=J104-4
Added Pin To Net: NetName=GND Pin=J105-4
Added Pin To Net: NetName=GND Pin=S100-B1A
Added Pin To Net: NetName=GND Pin=S100-B1B
Added Pin To Net: NetName=GND Pin=S100-H3
Added Pin To Net: NetName=GND Pin=S100-S1
Added Pin To Net: NetName=GND Pin=S100-S2
Added Pin To Net: NetName=GND Pin=S100-S3
Added Pin To Net: NetName=GND Pin=S100-S4
Added Pin To Net: NetName=GND Pin=S100-V3
Added Pin To Net: NetName=GND Pin=SW100-1
Added Pin To Net: NetName=GND Pin=SW100-2
Added Pin To Net: NetName=GND Pin=SW100-4
Added Pin To Net: NetName=GND Pin=SW100-5
Added Pin To Net: NetName=GND Pin=SW102-1
Added Pin To Net: NetName=GND Pin=SW102-2
Added Pin To Net: NetName=GND Pin=SW102-4
Added Pin To Net: NetName=GND Pin=SW102-5
