../Core/Src/main.c:83:5:main	24	static
../Core/Src/main.c:188:6:SystemClock_Config	72	static
../Core/Src/main.c:228:13:MX_SPI1_Init	8	static
../Core/Src/main.c:266:13:MX_TIM2_Init	32	static
../Core/Src/main.c:311:13:MX_TIM3_Init	48	static
../Core/Src/main.c:360:13:MX_USART1_UART_Init	8	static
../Core/Src/main.c:391:13:MX_DMA_Init	16	static
../Core/Src/main.c:409:13:MX_GPIO_Init	40	static
../Core/Src/main.c:482:6:HAL_UART_RxCpltCallback	24	static
../Core/Src/main.c:522:6:Error_Handler	4	static,ignoring_inline_asm
