../Core/Src/main.c:77:5:main	40	static
../Core/Src/main.c:210:6:SystemClock_Config	72	static
../Core/Src/main.c:250:13:MX_SPI1_Init	8	static
../Core/Src/main.c:288:13:MX_TIM2_Init	32	static
../Core/Src/main.c:333:13:MX_TIM3_Init	48	static
../Core/Src/main.c:382:13:MX_USART1_UART_Init	8	static
../Core/Src/main.c:413:13:MX_DMA_Init	16	static
../Core/Src/main.c:431:13:MX_GPIO_Init	40	static
../Core/Src/main.c:504:6:HAL_UART_RxCpltCallback	16	static
../Core/Src/main.c:522:6:Error_Handler	4	static,ignoring_inline_asm
