Removed Pin From Net: NetName=+3V3 Pin=D303-1
Removed Pin From Net: NetName=DBG_LED Pin=R303-1
Removed Pin From Net: NetName=NetD303_2 Pin=R303-2
Removed Pin From Net: NetName=NetC408_1 Pin=U401-5
Removed Pin From Net: NetName=+5V Pin=U401-6
Removed Pin From Net: NetName=USB_D_N Pin=U401-7
Removed Pin From Net: NetName=USB_D_P Pin=U401-8
Change Component DesignItemId : Designator=U401 Old DesignItemId=CMP-00027-2 New DesignItemId=CMP-00027-3
Change Component Comment : Designator=R302 Old Comment=100R New Comment=68R
Change Component Comment : Designator=R303 Old Comment=200R New Comment=68R
Change Component Comment : Designator=R301 Old Comment=200R New Comment=150R
Change Component Comment : Designator=R300 Old Comment=680R New Comment=470R
Change Managed Component Library Link : Designator=U401 Old VaultGUID=149AB3FE-7166-46E8-BF6C-F7A47B5F1A6D New VaultGUID=149AB3FE-7166-46E8-BF6C-F7A47B5F1A6D Old ItemGUID=68b6340c-4a7e-45a9-9d28-8da2732425c1 New ItemGUID=68b6340c-4a7e-45a9-9d28-8da2732425c1 Old RevisionGUID=21ef4a66-6929-40f8-ab36-67d848011159 New RevisionGUID=7314250d-fb78-4c29-8355-b79039c05460
Added Pin To Net: NetName=DBG_LED Pin=D303-1
Added Pin To Net: NetName=NetD303_2 Pin=R303-1
Added Pin To Net: NetName=+3V3 Pin=R303-2
Added Pin To Net: NetName=USB_D_P Pin=U401-5
Added Pin To Net: NetName=USB_D_N Pin=U401-6
Added Pin To Net: NetName=+5V Pin=U401-7
Added Pin To Net: NetName=NetC408_1 Pin=U401-8
