Removed Pin From Net: NetName=GND Pin=P400-1
Removed Pin From Net: NetName=+3V3 Pin=P400-3
Change Component Footprint: Designator=P400 Old Footprint=3Pos Pin Header New Footprint=2Pos Pin Header Vertical
Change Component Comment : Designator=P400 Old Comment=M20-9990345 New Comment=PH1-02-UA
Change Managed Component Library Link : Designator=P400 Old VaultGUID=149AB3FE-7166-46E8-BF6C-F7A47B5F1A6D New VaultGUID=149AB3FE-7166-46E8-BF6C-F7A47B5F1A6D Old ItemGUID=5f57fa3e-e8d9-427e-a634-b0271c098af8 New ItemGUID=4b9c9fe1-2134-4c4d-91cf-5e857295cf3e Old RevisionGUID=b7317110-aa81-4790-b93b-2ef4e4f97c88 New RevisionGUID=cceea3c3-02a3-4068-abb6-545388fbb661
Change component parameters: Designator = "P400" ("P400"); Footprint = "3Pos Pin Header"; UniqueID = "\AWCWYNSX\FAKKEDLB" ("\AWCWYNSX\FAKKEDLB")
Change component parameters (AddParameter): Name = "Contact Gender"; Value = "Male"; VariantName = "[No Variations]"
Change component parameters (AddParameter): Name = "Contact Material"; Value = "Brass"; VariantName = "[No Variations]"
Change component parameters (AddParameter): Name = "Contact Plating"; Value = "Gold"; VariantName = "[No Variations]"
Change component parameters (AddParameter): Name = "Contact Resistance"; Value = "20mO"; VariantName = "[No Variations]"
Change component parameters (AddParameter): Name = "Current Rating"; Value = "3A"; VariantName = "[No Variations]"
Change component parameters (AddParameter): Name = "Height"; Value = "9.2456mm"; VariantName = "[No Variations]"
Change component parameters (AddParameter): Name = "Housing Material"; Value = "PBT"; VariantName = "[No Variations]"
Change component parameters (AddParameter): Name = "Insulation Resistance"; Value = "5GO"; VariantName = "[No Variations]"
Change component parameters (AddParameter): Name = "Lead Free"; Value = "Lead Free"; VariantName = "[No Variations]"
Change component parameters (AddParameter): Name = "Lifecycle Status"; Value = "Production"; VariantName = "[No Variations]"
Change component parameters (AddParameter): Name = "Manufacturer"; Value = "Adam Tech"; VariantName = "[No Variations]"
Change component parameters (AddParameter): Name = "Mount"; Value = "TH"; VariantName = "[No Variations]"
Change component parameters (AddParameter): Name = "Number of Contacts"; Value = "2"; VariantName = "[No Variations]"
Change component parameters (AddParameter): Name = "Number of Positions"; Value = "2"; VariantName = "[No Variations]"
Change component parameters (AddParameter): Name = "Number of Rows"; Value = "1"; VariantName = "[No Variations]"
Change component parameters (AddParameter): Name = "Part number"; Value = "PH1-04-UA"; VariantName = "[No Variations]"
Change component parameters (AddParameter): Name = "Pins"; Value = "2"; VariantName = "[No Variations]"
Change component parameters (AddParameter): Name = "Pitch"; Value = "2.54mm"; VariantName = "[No Variations]"
Change component parameters (AddParameter): Name = "REACH SVHC"; Value = "Yes"; VariantName = "[No Variations]"
Change component parameters (AddParameter): Name = "RoHS"; Value = "Compliant"; VariantName = "[No Variations]"
Change component parameters (AddParameter): Name = "Schedule B"; Value = "8536694040, 8536694040"; VariantName = "[No Variations]"
Change component parameters (AddParameter): Name = "Terminal Pitch"; Value = "2.54mm"; VariantName = "[No Variations]"
Change component parameters (AddParameter): Name = "Termination"; Value = "Solder"; VariantName = "[No Variations]"
Change component parameters (AddParameter): Name = "Voltage Rating"; Value = "250V"; VariantName = "[No Variations]"
Added Component: Designator=R408(Resistor_0603_M)
Add component (AddParameter): Name = "Case/Package"; Value = "0603"; VariantName = "[No Variations]"
Add component (AddParameter): Name = "Current"; Value = ""; VariantName = "[No Variations]"
Add component (AddParameter): Name = "Manufacturer"; Value = "Any"; VariantName = "[No Variations]"
Add component (AddParameter): Name = "Mount"; Value = "SMD"; VariantName = "[No Variations]"
Add component (AddParameter): Name = "Part number"; Value = "Resistor, 0603, 10k, =5%, =1/16W"; VariantName = "[No Variations]"
Add component (AddParameter): Name = "Pins"; Value = ""; VariantName = "[No Variations]"
Add component (AddParameter): Name = "Power"; Value = ""; VariantName = "[No Variations]"
Add component (AddParameter): Name = "RoHS"; Value = "Yes"; VariantName = "[No Variations]"
Add component (AddParameter): Name = "Tolerance"; Value = ""; VariantName = "[No Variations]"
Add component (AddParameter): Name = "Value"; Value = "10k"; VariantName = "[No Variations]"
Add component (AddParameter): Name = "Voltage"; Value = ""; VariantName = "[No Variations]"
Added Pin To Net: NetName=+3V3 Pin=P400-1
Added Pin To Net: NetName=GND Pin=R408-1
Added Pin To Net: NetName=BOOT0 Pin=R408-2
Added Member To Class: ClassName=MCU and USB-C Member=Component R408 10k
