Removed Pin From Net: NetName=SERVO Pin=P503-3
Change Component DesignItemId : Designator=J503 Old DesignItemId=CMP-ROOT-01318-3 New DesignItemId=CMP-ROOT-01318-1
Change Component DesignItemId : Designator=J504 Old DesignItemId=CMP-ROOT-01318-3 New DesignItemId=CMP-ROOT-01318-1
Change Component Footprint: Designator=J503 Old Footprint=0878310641 New Footprint=0878310641
Change Component Footprint: Designator=J504 Old Footprint=0878310641 New Footprint=0878310641
Change Managed Component Library Link : Designator=J503 Old VaultGUID=149AB3FE-7166-46E8-BF6C-F7A47B5F1A6D New VaultGUID=149AB3FE-7166-46E8-BF6C-F7A47B5F1A6D Old ItemGUID=3721c3a9-923a-4a4d-a7fc-f98ee1aa6b6d New ItemGUID=3721c3a9-923a-4a4d-a7fc-f98ee1aa6b6d Old RevisionGUID=bc048da9-bf75-495d-b397-5a633e84643c New RevisionGUID=10d6c8b2-1566-4761-88e5-342c813085c9
Change Managed Component Library Link : Designator=J504 Old VaultGUID=149AB3FE-7166-46E8-BF6C-F7A47B5F1A6D New VaultGUID=149AB3FE-7166-46E8-BF6C-F7A47B5F1A6D Old ItemGUID=3721c3a9-923a-4a4d-a7fc-f98ee1aa6b6d New ItemGUID=3721c3a9-923a-4a4d-a7fc-f98ee1aa6b6d Old RevisionGUID=bc048da9-bf75-495d-b397-5a633e84643c New RevisionGUID=10d6c8b2-1566-4761-88e5-342c813085c9
Added Component: Designator=R502(Resistor_0603_M)
Add component (AddParameter): Name = "Case/Package"; Value = "0603"; VariantName = "[No Variations]"
Add component (AddParameter): Name = "Current"; Value = ""; VariantName = "[No Variations]"
Add component (AddParameter): Name = "Manufacturer"; Value = "Any"; VariantName = "[No Variations]"
Add component (AddParameter): Name = "Mount"; Value = "SMD"; VariantName = "[No Variations]"
Add component (AddParameter): Name = "Part number"; Value = "Resistor, 0603, 10k, 1%, 1/10W"; VariantName = "[No Variations]"
Add component (AddParameter): Name = "Pins"; Value = ""; VariantName = "[No Variations]"
Add component (AddParameter): Name = "Power"; Value = "100mW"; VariantName = "[No Variations]"
Add component (AddParameter): Name = "RoHS"; Value = "Yes"; VariantName = "[No Variations]"
Add component (AddParameter): Name = "Tolerance"; Value = "1%"; VariantName = "[No Variations]"
Add component (AddParameter): Name = "Value"; Value = "10k"; VariantName = "[No Variations]"
Add component (AddParameter): Name = "Voltage"; Value = ""; VariantName = "[No Variations]"
Added Component: Designator=R503(Resistor_0603_M)
Add component (AddParameter): Name = "Case/Package"; Value = "0603"; VariantName = "[No Variations]"
Add component (AddParameter): Name = "Current"; Value = ""; VariantName = "[No Variations]"
Add component (AddParameter): Name = "Manufacturer"; Value = "Any"; VariantName = "[No Variations]"
Add component (AddParameter): Name = "Mount"; Value = "SMD"; VariantName = "[No Variations]"
Add component (AddParameter): Name = "Part number"; Value = "Resistor, 0603, 10k, 1%, 1/10W"; VariantName = "[No Variations]"
Add component (AddParameter): Name = "Pins"; Value = ""; VariantName = "[No Variations]"
Add component (AddParameter): Name = "Power"; Value = "100mW"; VariantName = "[No Variations]"
Add component (AddParameter): Name = "RoHS"; Value = "Yes"; VariantName = "[No Variations]"
Add component (AddParameter): Name = "Tolerance"; Value = "1%"; VariantName = "[No Variations]"
Add component (AddParameter): Name = "Value"; Value = "10k"; VariantName = "[No Variations]"
Add component (AddParameter): Name = "Voltage"; Value = ""; VariantName = "[No Variations]"
Added Component: Designator=R504(Resistor_0603_M)
Add component (AddParameter): Name = "Case/Package"; Value = "0603"; VariantName = "[No Variations]"
Add component (AddParameter): Name = "Current"; Value = ""; VariantName = "[No Variations]"
Add component (AddParameter): Name = "Manufacturer"; Value = "Any"; VariantName = "[No Variations]"
Add component (AddParameter): Name = "Mount"; Value = "SMD"; VariantName = "[No Variations]"
Add component (AddParameter): Name = "Part number"; Value = "Resistor, 0603, 100R, 1%, 1/10W"; VariantName = "[No Variations]"
Add component (AddParameter): Name = "Pins"; Value = ""; VariantName = "[No Variations]"
Add component (AddParameter): Name = "Power"; Value = "100mW"; VariantName = "[No Variations]"
Add component (AddParameter): Name = "RoHS"; Value = "Yes"; VariantName = "[No Variations]"
Add component (AddParameter): Name = "Tolerance"; Value = "1%"; VariantName = "[No Variations]"
Add component (AddParameter): Name = "Value"; Value = "100"; VariantName = "[No Variations]"
Add component (AddParameter): Name = "Voltage"; Value = ""; VariantName = "[No Variations]"
Added Pin To Net: NetName=+3V3 Pin=R502-1
Added Pin To Net: NetName=SWDIO Pin=R502-2
Added Pin To Net: NetName=GND Pin=R503-1
Added Pin To Net: NetName=SWCLK Pin=R503-2
Added Pin To Net: NetName=SERVO Pin=R504-2
Added Pin To Net: NetName=NetP503_3 Pin=P503-3
Added Pin To Net: NetName=NetP503_3 Pin=R504-1
Added Net: Name=NetP503_3
Added Member To Class: ClassName=Headers and Connectors Member=Component R502 10k
Added Member To Class: ClassName=Headers and Connectors Member=Component R503 10k
Added Member To Class: ClassName=Headers and Connectors Member=Component R504 100R
