Change Component DesignItemId : Designator=U400 Old DesignItemId=CMP-00012-2 New DesignItemId=CMP-00012-3
Change Managed Component Library Link : Designator=U400 Old VaultGUID=149AB3FE-7166-46E8-BF6C-F7A47B5F1A6D New VaultGUID=149AB3FE-7166-46E8-BF6C-F7A47B5F1A6D Old ItemGUID=a627c5b9-b644-4c15-b766-312d65923959 New ItemGUID=a627c5b9-b644-4c15-b766-312d65923959 Old RevisionGUID=b4fb3ea0-b29d-45e8-8be9-30a2704dfa78 New RevisionGUID=ed9268f0-0702-4386-a6ab-82d295f433e6
Added Component: Designator=U?(SOT-223 based on ZVP2110GTA)
Add component (AddParameter): Name = "Case/Package"; Value = "SOT-223"; VariantName = "[No Variations]"
Add component (AddParameter): Name = "Dropout Voltage"; Value = "1.1V"; VariantName = "[No Variations]"
Add component (AddParameter): Name = "Height"; Value = "1.8mm"; VariantName = "[No Variations]"
Add component (AddParameter): Name = "Manufacturer"; Value = "Shenzhen Slkormicro Semicon Co., Ltd."; VariantName = "[No Variations]"
Add component (AddParameter): Name = "Max Junction Temperature (Tj)"; Value = "125°C"; VariantName = "[No Variations]"
Add component (AddParameter): Name = "Max Operating Temperature"; Value = "125°C"; VariantName = "[No Variations]"
Add component (AddParameter): Name = "Max Power Dissipation"; Value = "1.2W"; VariantName = "[No Variations]"
Add component (AddParameter): Name = "Max Supply Voltage"; Value = "15V"; VariantName = "[No Variations]"
Add component (AddParameter): Name = "Min Operating Temperature"; Value = "-40°C"; VariantName = "[No Variations]"
Add component (AddParameter): Name = "Mount"; Value = "SMD"; VariantName = "[No Variations]"
Add component (AddParameter): Name = "Nominal Supply Current"; Value = "5mA"; VariantName = "[No Variations]"
Add component (AddParameter): Name = "Number of Outputs"; Value = "1"; VariantName = "[No Variations]"
Add component (AddParameter): Name = "Output Current"; Value = "1A"; VariantName = "[No Variations]"
Add component (AddParameter): Name = "Output Voltage"; Value = "3.3V"; VariantName = "[No Variations]"
Add component (AddParameter): Name = "Part number"; Value = "AMS1117-3.3"; VariantName = "[No Variations]"
Add component (AddParameter): Name = "Pins"; Value = "2"; VariantName = "[No Variations]"
Add component (AddParameter): Name = "RoHS"; Value = "Compliant"; VariantName = "[No Variations]"
Added Member To Class: ClassName=Power Member=Component U? AMS1117-3.3
